> Task :tensor:compileJava UP-TO-DATE
> Task :nn:compileJava UP-TO-DATE
> Task :benchmarks:compileJava UP-TO-DATE
> Task :benchmarks:processResources NO-SOURCE
> Task :benchmarks:classes UP-TO-DATE
> Task :nn:processResources NO-SOURCE
> Task :nn:classes UP-TO-DATE
> Task :nn:jar UP-TO-DATE
> Task :tensor:processResources NO-SOURCE
> Task :tensor:classes UP-TO-DATE
> Task :tensor:jar UP-TO-DATE

> Task :benchmarks:training
WARNING: Using incubator modules: jdk.incubator.vector
Backend: VECTOR; Java: 26.0.2
WARNING: A terminally deprecated method in sun.misc.Unsafe has been called
WARNING: sun.misc.Unsafe::objectFieldOffset has been called by org.openjdk.jmh.util.Utils (file:/Users/Lolo/.gradle/caches/modules-2/files-2.1/org.openjdk.jmh/jmh-core/1.37/896f27e49105b35ea1964319c83d12082e7a79ef/jmh-core-1.37.jar)
WARNING: Please consider reporting this to the maintainers of class org.openjdk.jmh.util.Utils
WARNING: sun.misc.Unsafe::objectFieldOffset will be removed in a future release
# JMH version: 1.37
# VM version: JDK 26.0.2, OpenJDK 64-Bit Server VM, 26.0.2+10-55
# VM invoker: /Users/Lolo/Library/Java/JavaVirtualMachines/openjdk-26.0.2/Contents/Home/bin/java
# VM options: -Xms256m -Xmx512m --add-modules=jdk.incubator.vector -Dtensor.backend=vector
# Blackhole mode: compiler (auto-detected, use -Djmh.blackhole.autoDetect=false to disable)
# Warmup: 3 iterations, 1 s each
# Measurement: 5 iterations, 1 s each
# Timeout: 10 min per iteration
# Threads: 1 thread, will synchronize iterations
# Benchmark mode: Average time, time/op
# Benchmark: ch.lolo.benchmark.TrainingBenchmarks.trainingEpoch
# Parameters: (batch = 32, features = 128, samples = 1024)

# Run progress: 0.00% complete, ETA 00:00:16
# Fork: 1 of 2
WARNING: Using incubator modules: jdk.incubator.vector
WARNING: A terminally deprecated method in sun.misc.Unsafe has been called
WARNING: sun.misc.Unsafe::objectFieldOffset has been called by org.openjdk.jmh.util.Utils (file:/Users/Lolo/.gradle/caches/modules-2/files-2.1/org.openjdk.jmh/jmh-core/1.37/896f27e49105b35ea1964319c83d12082e7a79ef/jmh-core-1.37.jar)
WARNING: Please consider reporting this to the maintainers of class org.openjdk.jmh.util.Utils
WARNING: sun.misc.Unsafe::objectFieldOffset will be removed in a future release
# Warmup Iteration   1: 14.839 ms/op
# Warmup Iteration   2: 13.458 ms/op
# Warmup Iteration   3: 13.298 ms/op
Iteration   1: 13.343 ms/op
                 gc.alloc.rate:      3728.602 MB/sec
                 gc.alloc.rate.norm: 52597470.947 B/op
                 gc.count:           25.000 counts
                 gc.time:            9.000 ms

Iteration   2: 13.264 ms/op
                 gc.alloc.rate:      3750.322 MB/sec
                 gc.alloc.rate.norm: 52597470.105 B/op
                 gc.count:           25.000 counts
                 gc.time:            10.000 ms

Iteration   3: 13.196 ms/op
                 gc.alloc.rate:      3770.638 MB/sec
                 gc.alloc.rate.norm: 52597470.105 B/op
                 gc.count:           26.000 counts
                 gc.time:            9.000 ms

Iteration   4: 13.314 ms/op
                 gc.alloc.rate:      3743.586 MB/sec
                 gc.alloc.rate.norm: 52597470.105 B/op
                 gc.count:           25.000 counts
                 gc.time:            9.000 ms

Iteration   5: 13.316 ms/op
                 gc.alloc.rate:      3736.219 MB/sec
                 gc.alloc.rate.norm: 52597470.105 B/op
                 gc.count:           25.000 counts
                 gc.time:            9.000 ms


# Run progress: 50.00% complete, ETA 00:00:08
# Fork: 2 of 2
WARNING: Using incubator modules: jdk.incubator.vector
WARNING: A terminally deprecated method in sun.misc.Unsafe has been called
WARNING: sun.misc.Unsafe::objectFieldOffset has been called by org.openjdk.jmh.util.Utils (file:/Users/Lolo/.gradle/caches/modules-2/files-2.1/org.openjdk.jmh/jmh-core/1.37/896f27e49105b35ea1964319c83d12082e7a79ef/jmh-core-1.37.jar)
WARNING: Please consider reporting this to the maintainers of class org.openjdk.jmh.util.Utils
WARNING: sun.misc.Unsafe::objectFieldOffset will be removed in a future release
# Warmup Iteration   1: 15.171 ms/op
# Warmup Iteration   2: 13.763 ms/op
# Warmup Iteration   3: 13.695 ms/op
Iteration   1: 13.612 ms/op
                 gc.alloc.rate:      3654.314 MB/sec
                 gc.alloc.rate.norm: 52597985.946 B/op
                 gc.count:           25.000 counts
                 gc.time:            10.000 ms

Iteration   2: 13.779 ms/op
                 gc.alloc.rate:      3610.243 MB/sec
                 gc.alloc.rate.norm: 52598253.151 B/op
                 gc.count:           24.000 counts
                 gc.time:            9.000 ms

Iteration   3: 13.798 ms/op
                 gc.alloc.rate:      3604.683 MB/sec
                 gc.alloc.rate.norm: 52598253.151 B/op
                 gc.count:           24.000 counts
                 gc.time:            10.000 ms

Iteration   4: 13.511 ms/op
                 gc.alloc.rate:      3681.276 MB/sec
                 gc.alloc.rate.norm: 52597724.160 B/op
                 gc.count:           25.000 counts
                 gc.time:            9.000 ms

Iteration   5: 13.615 ms/op
                 gc.alloc.rate:      3653.809 MB/sec
                 gc.alloc.rate.norm: 52597985.081 B/op
                 gc.count:           25.000 counts
                 gc.time:            10.000 ms



Result "ch.lolo.benchmark.TrainingBenchmarks.trainingEpoch":
  13.475 ±(99.9%) 0.330 ms/op [Average]
  (min, avg, max) = (13.196, 13.475, 13.798), stdev = 0.218
  CI (99.9%): [13.146, 13.805] (assumes normal distribution)

Secondary result "ch.lolo.benchmark.TrainingBenchmarks.trainingEpoch:gc.alloc.rate":
  3693.369 ±(99.9%) 91.304 MB/sec [Average]
  (min, avg, max) = (3604.683, 3693.369, 3770.638), stdev = 60.392
  CI (99.9%): [3602.065, 3784.673] (assumes normal distribution)

Secondary result "ch.lolo.benchmark.TrainingBenchmarks.trainingEpoch:gc.alloc.rate.norm":
  52597755.286 ±(99.9%) 506.184 B/op [Average]
  (min, avg, max) = (52597470.105, 52597755.286, 52598253.151), stdev = 334.810
  CI (99.9%): [52597249.101, 52598261.470] (assumes normal distribution)

Secondary result "ch.lolo.benchmark.TrainingBenchmarks.trainingEpoch:gc.count":
  249.000 ±(99.9%) 0.001 counts [Sum]
  (min, avg, max) = (24.000, 24.900, 26.000), stdev = 0.568
  CI (99.9%): [249.000, 249.000] (assumes normal distribution)

Secondary result "ch.lolo.benchmark.TrainingBenchmarks.trainingEpoch:gc.time":
  94.000 ±(99.9%) 0.001 ms [Sum]
  (min, avg, max) = (9.000, 9.400, 10.000), stdev = 0.516
  CI (99.9%): [94.000, 94.000] (assumes normal distribution)


# Run complete. Total time: 00:00:16

REMEMBER: The numbers below are just data. To gain reusable insights, you need to follow up on
why the numbers are the way they are. Use profilers (see -prof, -lprof), design factorial
experiments, perform baseline and negative tests that provide experimental control, make sure
the benchmarking environment is safe on JVM/OS/HW level, ask for reviews from the domain experts.
Do not assume the numbers tell you what you want them to tell.

NOTE: Current JVM experimentally supports Compiler Blackholes, and they are in use. Please exercise
extra caution when trusting the results, look into the generated code to check the benchmark still
works, and factor in a small probability of new VM bugs. Additionally, while comparisons between
different JVMs are already problematic, the performance difference caused by different Blackhole
modes can be very significant. Please make sure you use the consistent Blackhole mode for comparisons.

Benchmark                                            (batch)  (features)  (samples)  Mode  Cnt         Score     Error   Units
TrainingBenchmarks.trainingEpoch                          32         128       1024  avgt   10        13.475 ±   0.330   ms/op
TrainingBenchmarks.trainingEpoch:gc.alloc.rate            32         128       1024  avgt   10      3693.369 ±  91.304  MB/sec
TrainingBenchmarks.trainingEpoch:gc.alloc.rate.norm       32         128       1024  avgt   10  52597755.286 ± 506.184    B/op
TrainingBenchmarks.trainingEpoch:gc.count                 32         128       1024  avgt   10       249.000            counts
TrainingBenchmarks.trainingEpoch:gc.time                  32         128       1024  avgt   10        94.000                ms

Benchmark result is saved to benchmarks/build/results/opt03-before-vector.json

> Task :benchmarks:profile
WARNING: Using incubator modules: jdk.incubator.vector
Backend=VECTOR Java=26.0.2 samples=1024 features=128 batch=32 warmup=5 runs=3 epochs/run=5
Synthetic regression, Dense(features,64)/ReLU/Dense(64,10), MSE, Adam. No augmentation, validation, logging or checkpoint IO in timing.
Run 1: 14.442 ms/epoch, 70905 samples/s, 52603498 bytes/epoch, GC=2 collections/1 ms, loss=0.01980394
  load/shuffle           1.977 ms/epoch   13.7%      8226149 bytes/epoch
  zero gradients         0.020 ms/epoch    0.1%         1024 bytes/epoch
  forward + loss         1.726 ms/epoch   12.0%      2010597 bytes/epoch
  backward               2.834 ms/epoch   19.6%     10254336 bytes/epoch
  optimizer              7.801 ms/epoch   54.0%     32110592 bytes/epoch
  Percentages exclude loop/instrumentation overhead; allocation counters cover this thread only.
Run 2: 14.014 ms/epoch, 73070 samples/s, 52602968 bytes/epoch, GC=2 collections/2 ms, loss=0.01980394
  load/shuffle           1.797 ms/epoch   12.8%      8226136 bytes/epoch
  zero gradients         0.005 ms/epoch    0.0%         1024 bytes/epoch
  forward + loss         1.584 ms/epoch   11.3%      2010112 bytes/epoch
  backward               2.727 ms/epoch   19.5%     10254336 bytes/epoch
  optimizer              7.858 ms/epoch   56.1%     32110592 bytes/epoch
  Percentages exclude loop/instrumentation overhead; allocation counters cover this thread only.
Run 3: 13.803 ms/epoch, 74189 samples/s, 52591525 bytes/epoch, GC=1 collections/1 ms, loss=0.01980394
  load/shuffle           1.841 ms/epoch   13.3%      8226136 bytes/epoch
  zero gradients         0.004 ms/epoch    0.0%         1024 bytes/epoch
  forward + loss         1.481 ms/epoch   10.7%      1998669 bytes/epoch
  backward               2.645 ms/epoch   19.2%     10254336 bytes/epoch
  optimizer              7.786 ms/epoch   56.4%     32110592 bytes/epoch
  Percentages exclude loop/instrumentation overhead; allocation counters cover this thread only.
Epoch ms across runs: min=13.803 median=14.014 max=14.442

BUILD SUCCESSFUL in 18s
7 actionable tasks: 2 executed, 5 up-to-date
Consider enabling configuration cache to speed up this build: https://docs.gradle.org/9.7.1/userguide/configuration_cache_enabling.html
